warning: in the working copy of 'docs/binary-format.md', CRLF will be replaced by LF the next time Git touches it
warning: in the working copy of 'docs/core-library.md', CRLF will be replaced by LF the next time Git touches it
warning: in the working copy of 'docs/language-design.md', CRLF will be replaced by LF the next time Git touches it
warning: in the working copy of 'docs/native.md', CRLF will be replaced by LF the next time Git touches it
warning: in the working copy of 'docs/ownership.md', CRLF will be replaced by LF the next time Git touches it
warning: in the working copy of 'docs/remote-semantics.md', CRLF will be replaced by LF the next time Git touches it
warning: in the working copy of 'docs/semantics.md', CRLF will be replaced by LF the next time Git touches it
warning: in the working copy of 'docs/test-coverage.md', CRLF will be replaced by LF the next time Git touches it
warning: in the working copy of 'library/core/bool.fos', CRLF will be replaced by LF the next time Git touches it
warning: in the working copy of 'library/core/byte.fos', CRLF will be replaced by LF the next time Git touches it
warning: in the working copy of 'library/core/code_point.fos', CRLF will be replaced by LF the next time Git touches it
warning: in the working copy of 'library/core/float.fos', CRLF will be replaced by LF the next time Git touches it
warning: in the working copy of 'library/core/int.fos', CRLF will be replaced by LF the next time Git touches it
warning: in the working copy of 'library/core/list.fos', CRLF will be replaced by LF the next time Git touches it
warning: in the working copy of 'library/core/symbol.fos', CRLF will be replaced by LF the next time Git touches it
warning: in the working copy of 'library/std/collections/map.fos', CRLF will be replaced by LF the next time Git touches it
warning: in the working copy of 'library/std/toml.fos', CRLF will be replaced by LF the next time Git touches it
warning: in the working copy of 'src/codegen/ir.rs', CRLF will be replaced by LF the next time Git touches it
warning: in the working copy of 'src/intrinsics/registry.rs', CRLF will be replaced by LF the next time Git touches it
warning: in the working copy of 'src/native/abi.rs', CRLF will be replaced by LF the next time Git touches it
warning: in the working copy of 'src/native/equality_runtime.rs', CRLF will be replaced by LF the next time Git touches it
warning: in the working copy of 'src/native/host_runtime.rs', CRLF will be replaced by LF the next time Git touches it
warning: in the working copy of 'src/native/runtime.rs', CRLF will be replaced by LF the next time Git touches it
warning: in the working copy of 'src/typecheck/effects.rs', CRLF will be replaced by LF the next time Git touches it
warning: in the working copy of 'src/typecheck/overloads.rs', CRLF will be replaced by LF the next time Git touches it
warning: in the working copy of 'src/vm/binary.rs', CRLF will be replaced by LF the next time Git touches it
warning: in the working copy of 'src/vm/binary/read.rs', CRLF will be replaced by LF the next time Git touches it
warning: in the working copy of 'src/vm/binary/write.rs', CRLF will be replaced by LF the next time Git touches it
warning: in the working copy of 'src/vm/compiler/lower.rs', CRLF will be replaced by LF the next time Git touches it
warning: in the working copy of 'src/vm/ir.rs', CRLF will be replaced by LF the next time Git touches it
warning: in the working copy of 'src/vm/mod.rs', CRLF will be replaced by LF the next time Git touches it
warning: in the working copy of 'tests/language.rs', CRLF will be replaced by LF the next time Git touches it
warning: in the working copy of 'tests/language_ownership.rs', CRLF will be replaced by LF the next time Git touches it
warning: in the working copy of 'tests/native.rs', CRLF will be replaced by LF the next time Git touches it
warning: in the working copy of 'tests/ownership_soundness.rs', CRLF will be replaced by LF the next time Git touches it
