[unused-effect] Warning: in `std.net.tcp.Listener.accept`: declared `mut self.handle` is overly broad; the function body requires only `read self.handle`
     ╭─[ library\std\net\tcp.fos:162:74 ]
     │
 162 │     pub func accept(self: Listener) -> Result<Connection, NetworkError> [mut self.handle, read self.location] {
     │                                                                          ───────┬───────  
     │                                                                                 ╰───────── this declared effect grants broader access than the function body requires
─────╯
[unused-effect] Warning: in `std.net.tcp.Listener.accept`: declared `read self.location` is overly broad; the function body requires only `read self.location.address_value`, `read self.location.port_value`
     ╭─[ library\std\net\tcp.fos:162:91 ]
     │
 162 │     pub func accept(self: Listener) -> Result<Connection, NetworkError> [mut self.handle, read self.location] {
     │                                                                                           ─────────┬────────  
     │                                                                                                    ╰────────── this declared effect grants broader access than the function body requires
─────╯
[unused-effect] Warning: in `std.net.tcp.Connection.read`: declared `mut self.handle` is overly broad; the function body requires only `read self.handle`
     ╭─[ library\std\net\tcp.fos:176:83 ]
     │
 176 │     pub func read(self: Connection, maximum: Int) -> Result<Bytes, NetworkError> [mut self.handle] {
     │                                                                                   ───────┬───────  
     │                                                                                          ╰───────── this declared effect grants broader access than the function body requires
─────╯
[unused-effect] Warning: in `std.net.tcp.Connection.write`: declared `mut self.handle` is overly broad; the function body requires only `read self.handle`
     ╭─[ library\std\net\tcp.fos:181:85 ]
     │
 181 │     pub func write(self: Connection, contents: Bytes) -> Result<Int, NetworkError> [mut self.handle] {
     │                                                                                     ───────┬───────  
     │                                                                                            ╰───────── this declared effect grants broader access than the function body requires
─────╯
[unused-effect] Warning: in `std.net.tcp.Connection.flush`: declared `mut self.handle` is overly broad; the function body requires only `read self.handle`
     ╭─[ library\std\net\tcp.fos:186:67 ]
     │
 186 │     pub func flush(self: Connection) -> Result<(), NetworkError> [mut self.handle] {
     │                                                                   ───────┬───────  
     │                                                                          ╰───────── this declared effect grants broader access than the function body requires
─────╯
[unused-effect] Warning: in `std.net.tcp.Connection.read_text`: declared `mut self.handle` is overly broad; the function body requires only `read self.handle`
     ╭─[ library\std\net\tcp.fos:191:89 ]
     │
 191 │     pub func read_text(self: Connection, maximum: Int) -> Result<String, NetworkError> [mut self.handle] {
     │                                                                                         ───────┬───────  
     │                                                                                                ╰───────── this declared effect grants broader access than the function body requires
─────╯
[unused-effect] Warning: in `std.net.tcp.Connection.write_text`: declared `mut self.handle` is overly broad; the function body requires only `read self.handle`
     ╭─[ library\std\net\tcp.fos:196:86 ]
     │
 196 │     pub func write_text(self: Connection, text: String) -> Result<(), NetworkError> [mut self.handle] {
     │                                                                                      ───────┬───────  
     │                                                                                             ╰───────── this declared effect grants broader access than the function body requires
─────╯
[unused-effect] Warning: in `std.net.tcp.Connection.set_timeout`: declared `mut self.handle` is overly broad; the function body requires only `read self.handle`
     ╭─[ library\std\net\tcp.fos:211:92 ]
     │
 211 │     pub func set_timeout(self: Connection, milliseconds: Int) -> Result<(), NetworkError> [mut self.handle] {
     │                                                                                            ───────┬───────  
     │                                                                                                   ╰───────── this declared effect grants broader access than the function body requires
─────╯
[unused-effect] Warning: in `std.random.SystemRandom.bytes`: declared `mut self` is not required by the function body
    ╭─[ library\std\random.fos:57:83 ]
    │
 57 │     pub func bytes(self: SystemRandom, count: Int) -> Result<Bytes, RandomError> [mut self] {
    │                                                                                   ────┬───  
    │                                                                                       ╰───── this declared effect is not used by the function body
────╯
[unused-effect] Warning: in `std.toml.Parser.take_crlf`: declared `mut self` is overly broad; the function body requires only `mut self.remaining`, `mut self.line`, `mut self.column`
     ╭─[ library\std\toml.fos:273:41 ]
     │
 273 │     func take_crlf(self: Parser) -> () [mut self] {
     │                                         ────┬───  
     │                                             ╰───── this declared effect grants broader access than the function body requires
─────╯
[unused-effect] Warning: in `std.toml.Parser.take_lf`: declared `mut self` is overly broad; the function body requires only `mut self.remaining`, `mut self.line`, `mut self.column`
     ╭─[ library\std\toml.fos:281:39 ]
     │
 281 │     func take_lf(self: Parser) -> () [mut self] {
     │                                       ────┬───  
     │                                           ╰───── this declared effect grants broader access than the function body requires
─────╯
[unused-effect] Warning: in `std.toml.Parser.take`: declared `mut self` is overly broad; the function body requires only `mut self.remaining`, `mut self.column`
     ╭─[ library\std\toml.fos:297:43 ]
     │
 297 │     func take(self: Parser) -> CodePoint [mut self] {
     │                                           ────┬───  
     │                                               ╰───── this declared effect grants broader access than the function body requires
─────╯
[unused-effect] Warning: in `std.toml.Parser.fail`: declared `mut self` is overly broad; the function body requires only `consume self.errors`, `read self.line`, `read self.column`, `mut self.errors`
     ╭─[ library\std\toml.fos:308:53 ]
     │
 308 │     func fail(self: Parser, message: String) -> () [mut self, consume message] {
     │                                                     ────┬───  
     │                                                         ╰───── this declared effect grants broader access than the function body requires
─────╯
[unused-effect] Warning: in `std.toml.Parser.fail_at`: declared `mut self` is overly broad; the function body requires only `consume self.errors`, `mut self.errors`
     ╭─[ library\std\toml.fos:319:80 ]
     │
 319 │     func fail_at(self: Parser, message: String, line: Int, column: Int) -> () [mut self, consume message] {
     │                                                                                ────┬───  
     │                                                                                    ╰───── this declared effect grants broader access than the function body requires
─────╯
running 61 test(s)
test core.bool: boolean helpers implement their truth tables ... ok
test core.byte: byte conversion preserves values in range ... ok
test core.bytes: UTF-8 validation rejects invalid boundaries and truncated sequences ... ok
test core.bytes: bytes round-trip UTF-8 and hexadecimal text ... ok
test core.bytes.buffer: byte buffers append snapshot and freeze contents ... ok
test core.code_point: code points round-trip Unicode scalar values ... ok
test core.float: floating-point helpers clamp and compare values ... ok
test core.int: integer helpers cover signs ranges and powers ... ok
test core.list: list algorithms transform and aggregate values ... ok
test core.option: option transformations preserve presence and absence ... ok
test core.ordering: reversing an ordering exchanges less and greater ... ok
test core.result: result mapping transforms successful values ... ok
test core.string: string algorithms preserve Unicode text ... ok
test core.string: text builders encode every UTF-8 width ... ok
test core.symbol: symbols support explicit copying ... ok
test std.collections.deque: deques accept values at both ends ... ok
test std.collections.map: maps replace values without duplicating keys ... ok
test std.collections.queue: queues retain pushed values ... ok
test std.collections.set: sets preserve insertion order while removing duplicates ... ok
test std.collections.stack: stacks retain pushed values ... ok
test std.io: generic streams handle partial IO and EOF ... ok
test std.iter: iterator consumers process every remaining value ... ok
test std.iter: iterator predicates stop before pulling later values ... ok
test std.iter.filter: filtered iterators retain matching values ... ok
test std.iter.map: mapped iterators transform lazily ... ok
test std.iter.skip: skipping removes an iterator prefix ... ok
test std.iter.take: taking limits iterator output ... ok
test std.path: typed paths preserve their resource identity ... ok
test std.random: system randomness returns bounded values and requested bytes ... ok
test std.random: uniform integer operations use half-open bounds and validate requests ... ok
test std.random.distribution: Bernoulli and weighted distributions validate probability models ... ok
test std.random.distribution: uniform distributions stay inside their half-open ranges ... ok
test std.random.generator: fast generators satisfy seeded and splittable contracts ... ok
test std.random.generator: named portable generators reproduce their sequence and can be reseeded ... ok
test std.random.secure: secure entropy produces exact byte and token lengths ... ok
test std.random.sequence: choice reports empty input and returns a present list member ... ok
test std.random.sequence: shuffle and sample preserve membership without replacement ... ok
test std.sequence: sequence algorithms operate on lists without conversion ... ok
test std.time: exact durations normalize negative and fractional values ... ok
test std.time: exact values validate canonical parts and preserve ordering ... ok
test std.time: instants intervals and monotonic readings preserve exact elapsed time ... ok
test std.time: interval construction rejects reverse ranges and reports boundaries ... ok
test std.time: wall and continuous clocks return values in their separate domains ... ok
test std.time.civil: ISO calendar time fields and partial dates validate their domains ... ok
test std.time.civil: calendar spans and civil intervals keep non-exact units explicit ... ok
test std.time.civil: calendar spans distinguish constraining and rejecting month arithmetic ... ok
test std.time.civil: civil date-times carry clock overflow into their date ... ok
test std.time.civil: civil dates round trip epoch days and expose ISO calendar facts ... ok
test std.time.format: ISO civil values parse and format without losing precision ... ok
test std.time.format: ISO formatters cover partial offsets and zoned annotations ... ok
test std.time.format: RFC-3339 instants normalize numeric offsets ... ok
test std.time.format: portable parsers reject invalid calendar and offset fields ... ok
test std.time.zone: fixed offsets preserve exact and civil representations ... ok
test std.time.zone: fixed zones implement the complete time-zone contract ... ok
test std.time.zone: local resolution policies expose overlaps and gaps explicitly ... ok
test std.time.zone: offsets validate compare and convert both directions ... ok
test std.toml: TOML parses queries renders and reports positioned errors ... ok
test std.toml: TOML rejects common malformed inputs with positions ... ok
test std.toml: TOML renderer rejects invalid date-time values ... ok
test std.toml: TOML round trips every value category ... ok
test std.uri: URIs parse schemes paths and invalid inputs ... ok
test result: ok
