[unused-effect] Warning: in `std.net.tcp.Listener.accept`: declared `mut self.handle` is overly broad; the function body requires only `read self.handle`
     ╭─[ C:\Users\jason\git\foster\library/std/net/tcp.fos:162:74 ]
     │
 162 │     pub func accept(self: Listener) -> Result<Connection, NetworkError> [mut self.handle, read self.location] {
     │                                                                          ───────┬───────  
     │                                                                                 ╰───────── this declared effect grants broader access than the function body requires
─────╯
[unused-effect] Warning: in `std.net.tcp.Listener.accept`: declared `read self.location` is overly broad; the function body requires only `read self.location.address_value`, `read self.location.port_value`
     ╭─[ C:\Users\jason\git\foster\library/std/net/tcp.fos:162:91 ]
     │
 162 │     pub func accept(self: Listener) -> Result<Connection, NetworkError> [mut self.handle, read self.location] {
     │                                                                                           ─────────┬────────  
     │                                                                                                    ╰────────── this declared effect grants broader access than the function body requires
─────╯
[unused-effect] Warning: in `std.net.tcp.Connection.read`: declared `mut self.handle` is overly broad; the function body requires only `read self.handle`
     ╭─[ C:\Users\jason\git\foster\library/std/net/tcp.fos:176:83 ]
     │
 176 │     pub func read(self: Connection, maximum: Int) -> Result<Bytes, NetworkError> [mut self.handle] {
     │                                                                                   ───────┬───────  
     │                                                                                          ╰───────── this declared effect grants broader access than the function body requires
─────╯
[unused-effect] Warning: in `std.net.tcp.Connection.write`: declared `mut self.handle` is overly broad; the function body requires only `read self.handle`
     ╭─[ C:\Users\jason\git\foster\library/std/net/tcp.fos:181:85 ]
     │
 181 │     pub func write(self: Connection, contents: Bytes) -> Result<Int, NetworkError> [mut self.handle] {
     │                                                                                     ───────┬───────  
     │                                                                                            ╰───────── this declared effect grants broader access than the function body requires
─────╯
[unused-effect] Warning: in `std.net.tcp.Connection.flush`: declared `mut self.handle` is overly broad; the function body requires only `read self.handle`
     ╭─[ C:\Users\jason\git\foster\library/std/net/tcp.fos:186:67 ]
     │
 186 │     pub func flush(self: Connection) -> Result<(), NetworkError> [mut self.handle] {
     │                                                                   ───────┬───────  
     │                                                                          ╰───────── this declared effect grants broader access than the function body requires
─────╯
[unused-effect] Warning: in `std.net.tcp.Connection.read_text`: declared `mut self.handle` is overly broad; the function body requires only `read self.handle`
     ╭─[ C:\Users\jason\git\foster\library/std/net/tcp.fos:191:89 ]
     │
 191 │     pub func read_text(self: Connection, maximum: Int) -> Result<String, NetworkError> [mut self.handle] {
     │                                                                                         ───────┬───────  
     │                                                                                                ╰───────── this declared effect grants broader access than the function body requires
─────╯
[unused-effect] Warning: in `std.net.tcp.Connection.write_text`: declared `mut self.handle` is overly broad; the function body requires only `read self.handle`
     ╭─[ C:\Users\jason\git\foster\library/std/net/tcp.fos:196:86 ]
     │
 196 │     pub func write_text(self: Connection, text: String) -> Result<(), NetworkError> [mut self.handle] {
     │                                                                                      ───────┬───────  
     │                                                                                             ╰───────── this declared effect grants broader access than the function body requires
─────╯
[unused-effect] Warning: in `std.net.tcp.Connection.set_timeout`: declared `mut self.handle` is overly broad; the function body requires only `read self.handle`
     ╭─[ C:\Users\jason\git\foster\library/std/net/tcp.fos:211:92 ]
     │
 211 │     pub func set_timeout(self: Connection, milliseconds: Int) -> Result<(), NetworkError> [mut self.handle] {
     │                                                                                            ───────┬───────  
     │                                                                                                   ╰───────── this declared effect grants broader access than the function body requires
─────╯
[unused-effect] Warning: in `std.random.SystemRandom.bytes`: declared `mut self` is not required by the function body
    ╭─[ C:\Users\jason\git\foster\library/std/random.fos:57:83 ]
    │
 57 │     pub func bytes(self: SystemRandom, count: Int) -> Result<Bytes, RandomError> [mut self] {
    │                                                                                   ────┬───  
    │                                                                                       ╰───── this declared effect is not used by the function body
────╯
[unused-effect] Warning: in `std.toml.Parser.take_crlf`: declared `mut self` is overly broad; the function body requires only `mut self.remaining`, `mut self.line`, `mut self.column`
     ╭─[ C:\Users\jason\git\foster\library/std/toml.fos:273:41 ]
     │
 273 │     func take_crlf(self: Parser) -> () [mut self] {
     │                                         ────┬───  
     │                                             ╰───── this declared effect grants broader access than the function body requires
─────╯
[unused-effect] Warning: in `std.toml.Parser.take_lf`: declared `mut self` is overly broad; the function body requires only `mut self.remaining`, `mut self.line`, `mut self.column`
     ╭─[ C:\Users\jason\git\foster\library/std/toml.fos:281:39 ]
     │
 281 │     func take_lf(self: Parser) -> () [mut self] {
     │                                       ────┬───  
     │                                           ╰───── this declared effect grants broader access than the function body requires
─────╯
[unused-effect] Warning: in `std.toml.Parser.take`: declared `mut self` is overly broad; the function body requires only `mut self.remaining`, `mut self.column`
     ╭─[ C:\Users\jason\git\foster\library/std/toml.fos:297:43 ]
     │
 297 │     func take(self: Parser) -> CodePoint [mut self] {
     │                                           ────┬───  
     │                                               ╰───── this declared effect grants broader access than the function body requires
─────╯
[unused-effect] Warning: in `std.toml.Parser.fail`: declared `mut self` is overly broad; the function body requires only `consume self.errors`, `read self.line`, `read self.column`, `mut self.errors`
     ╭─[ C:\Users\jason\git\foster\library/std/toml.fos:308:53 ]
     │
 308 │     func fail(self: Parser, message: String) -> () [mut self, consume message] {
     │                                                     ────┬───  
     │                                                         ╰───── this declared effect grants broader access than the function body requires
─────╯
[unused-effect] Warning: in `std.toml.Parser.fail_at`: declared `mut self` is overly broad; the function body requires only `consume self.errors`, `mut self.errors`
     ╭─[ C:\Users\jason\git\foster\library/std/toml.fos:319:80 ]
     │
 319 │     func fail_at(self: Parser, message: String, line: Int, column: Int) -> () [mut self, consume message] {
     │                                                                                ────┬───  
     │                                                                                    ╰───── this declared effect grants broader access than the function body requires
─────╯
built native executable .lifecycle-structural.exe
