warn: could not canonicalize path: 'C:\Users\jason'
   Compiling foster v0.1.0 (C:\Users\jason\git\foster)
    Finished `release` profile [optimized] target(s) in 1m 04s
     Running tests\backend_parity.rs (target\release\deps\backend_parity-01395161b0beef61.exe)

running 28 tests
test calls_aggregates_projections_and_branches_follow_source_order ... ok
test discarded_remote_failures_do_not_terminate_the_application ... ok
test assignment_evaluates_the_value_before_the_destination ... ok
test assertions_are_language_errors ... ok
test borrowed_temporaries_share_the_complete_full_expression ... ok
test invalid_destructors_and_partial_moves_are_rejected ... FAILED
test enum_destructors_observe_the_live_payload ... FAILED
test generic_calls_preserve_values ... ok
test destructors_follow_ownership_and_run_before_fields ... FAILED
test destructors_handle_replacement_branches_and_loop_exits ... FAILED
test implicit_unit_results_agree_in_both_backends ... ok
test destructors_continue_after_failure_and_preserve_the_original_error ... FAILED
test destructor_temporaries_survive_the_full_expression ... FAILED
test minimum_integer_negation_is_a_language_error ... ok
test partial_application_captures_operands_once_in_source_order ... ok
test borrowed_remote_failure_releases_access_and_remains_terminal ... ok
test verifier_rejects_inconsistent_specialized_call_results ... ok
test list_at_copy_results_have_independent_cleanup ... FAILED
test aggregates_compare_by_value ... ok
test generic_remote_calls_preserve_logical_types ... ok
test foster_library_loops_slices_and_builders_agree ... ok
test remote_consumed_arguments_run_deinit_before_completion ... FAILED
test projected_moves_transfer_cleanup_to_the_new_owner ... FAILED
test overloaded_remote_methods_deliver_typed_outcomes ... ok
test ownership_and_remote_ordering_agree ... ok
test owned_list_reads_return_copy_or_a_typed_error_in_both_backends ... ok
test remote_failures_are_contained_sticky_and_typed ... ok
test remote_runtime_failures_stop_nested_execution has been running for over 60 seconds
test remote_runtime_failures_stop_nested_execution ... ok

failures:

---- invalid_destructors_and_partial_moves_are_rejected stdout ----

thread 'invalid_destructors_and_partial_moves_are_rejected' (36132) panicked at tests\backend_parity.rs:963:9:
in `main.Item.copy`: type mismatch: expected `Item`, found `Int`
note: run with `RUST_BACKTRACE=1` environment variable to display a backtrace

---- enum_destructors_observe_the_live_payload stdout ----

thread 'enum_destructors_observe_the_live_payload' (37252) panicked at tests\backend_parity.rs:99:50:
called `Result::unwrap()` on an `Err` value: FosterError { message: "bytecode function `materialize_table_child` instruction 18 consumes unavailable r0 in MoveOut { by_reference: false, destination: Register(13), source: Register(0) }", line: 0, column: 0, code: None, source_module: None, labels: [], notes: [], help: None }

---- destructors_follow_ownership_and_run_before_fields stdout ----

thread 'destructors_follow_ownership_and_run_before_fields' (32276) panicked at tests\backend_parity.rs:99:50:
called `Result::unwrap()` on an `Err` value: FosterError { message: "bytecode function `materialize_table_child` instruction 18 consumes unavailable r0 in MoveOut { by_reference: false, destination: Register(13), source: Register(0) }", line: 0, column: 0, code: None, source_module: None, labels: [], notes: [], help: None }

---- destructors_handle_replacement_branches_and_loop_exits stdout ----

thread 'destructors_handle_replacement_branches_and_loop_exits' (30596) panicked at tests\backend_parity.rs:99:50:
called `Result::unwrap()` on an `Err` value: FosterError { message: "bytecode function `materialize_table_child` instruction 18 consumes unavailable r0 in MoveOut { by_reference: false, destination: Register(13), source: Register(0) }", line: 0, column: 0, code: None, source_module: None, labels: [], notes: [], help: None }

---- destructors_continue_after_failure_and_preserve_the_original_error stdout ----

thread 'destructors_continue_after_failure_and_preserve_the_original_error' (32852) panicked at tests\backend_parity.rs:99:50:
called `Result::unwrap()` on an `Err` value: FosterError { message: "bytecode function `materialize_table_child` instruction 18 consumes unavailable r0 in MoveOut { by_reference: false, destination: Register(13), source: Register(0) }", line: 0, column: 0, code: None, source_module: None, labels: [], notes: [], help: None }

---- destructor_temporaries_survive_the_full_expression stdout ----

thread 'destructor_temporaries_survive_the_full_expression' (12236) panicked at tests\backend_parity.rs:99:50:
called `Result::unwrap()` on an `Err` value: FosterError { message: "bytecode function `materialize_table_child` instruction 18 consumes unavailable r0 in MoveOut { by_reference: false, destination: Register(13), source: Register(0) }", line: 0, column: 0, code: None, source_module: None, labels: [], notes: [], help: None }

---- list_at_copy_results_have_independent_cleanup stdout ----

thread 'list_at_copy_results_have_independent_cleanup' (3520) panicked at tests\backend_parity.rs:99:50:
called `Result::unwrap()` on an `Err` value: FosterError { message: "bytecode function `materialize_table_child` instruction 18 consumes unavailable r0 in MoveOut { by_reference: false, destination: Register(13), source: Register(0) }", line: 0, column: 0, code: None, source_module: None, labels: [], notes: [], help: None }

---- remote_consumed_arguments_run_deinit_before_completion stdout ----

thread 'remote_consumed_arguments_run_deinit_before_completion' (21132) panicked at tests\backend_parity.rs:99:50:
called `Result::unwrap()` on an `Err` value: FosterError { message: "bytecode function `materialize_table_child` instruction 18 consumes unavailable r0 in MoveOut { by_reference: false, destination: Register(13), source: Register(0) }", line: 0, column: 0, code: None, source_module: None, labels: [], notes: [], help: None }

---- projected_moves_transfer_cleanup_to_the_new_owner stdout ----

thread 'projected_moves_transfer_cleanup_to_the_new_owner' (36240) panicked at tests\backend_parity.rs:99:50:
called `Result::unwrap()` on an `Err` value: FosterError { message: "bytecode function `materialize_table_child` instruction 18 consumes unavailable r0 in MoveOut { by_reference: false, destination: Register(13), source: Register(0) }", line: 0, column: 0, code: None, source_module: None, labels: [], notes: [], help: None }


failures:
    destructor_temporaries_survive_the_full_expression
    destructors_continue_after_failure_and_preserve_the_original_error
    destructors_follow_ownership_and_run_before_fields
    destructors_handle_replacement_branches_and_loop_exits
    enum_destructors_observe_the_live_payload
    invalid_destructors_and_partial_moves_are_rejected
    list_at_copy_results_have_independent_cleanup
    projected_moves_transfer_cleanup_to_the_new_owner
    remote_consumed_arguments_run_deinit_before_completion

test result: FAILED. 19 passed; 9 failed; 0 ignored; 0 measured; 0 filtered out; finished in 128.59s

error: test failed, to rerun pass `--test backend_parity`
